
> aulock-tracker@0.0.0 build
> vite build

[36mvite v7.2.4 [32mbuilding client environment for production...[36m[39m
transforming...
[32mÔ£ô[39m 33 modules transformed.
rendering chunks...
computing gzip size...
[2mdist/[22m[32mindex.html                 [39m[1m[2m  0.46 kB[22m[1m[22m[2m Ôöé gzip:  0.30 kB[22m
[2mdist/[22m[35massets/index-n_4JACx_.css  [39m[1m[2m 12.34 kB[22m[1m[22m[2m Ôöé gzip:  3.10 kB[22m
[2mdist/[22m[36massets/index-C544RJGA.js   [39m[1m[2m196.44 kB[22m[1m[22m[2m Ôöé gzip: 61.86 kB[22m
[32mÔ£ô built in 1.89s[39m
